// Jest Snapshot v1, https://jestjs.io/docs/snapshot-testing

exports[`App tests should render default App component 1`] = `
<DocumentFragment>
  <div
    class="pf-v6-c-page"
  >
    <div
      class="pf-v6-c-skip-to-content"
    >
      <a
        class="pf-v6-c-button pf-m-primary"
        data-ouia-component-id="OUIA-Generated-Button-primary-1"
        data-ouia-component-type="PF6/Button"
        data-ouia-safe="true"
        href="#primary-app-container"
      >
        <span
          class="pf-v6-c-button__text"
        >
          Skip to Content
        </span>
      </a>
    </div>
    <header
      class="pf-v6-c-masthead pf-m-display-inline-on-md"
    >
      <div
        class="pf-v6-c-masthead__main"
      >
        <span
          class="pf-v6-c-masthead__toggle"
        >
          <button
            aria-expanded="true"
            aria-label="Global navigation"
            class="pf-v6-c-button pf-m-plain"
            data-ouia-component-id="OUIA-Generated-Button-plain-1"
            data-ouia-component-type="PF6/Button"
            data-ouia-safe="true"
            type="button"
          >
            <span
              class="pf-v6-c-button__icon"
            >
              <svg
                aria-hidden="true"
                class="pf-v6-svg"
                fill="currentColor"
                height="1em"
                role="img"
                viewBox="0 0 448 512"
                width="1em"
              >
                <path
                  d="M16 132h416c8.837 0 16-7.163 16-16V76c0-8.837-7.163-16-16-16H16C7.163 60 0 67.163 0 76v40c0 8.837 7.163 16 16 16zm0 160h416c8.837 0 16-7.163 16-16v-40c0-8.837-7.163-16-16-16H16c-8.837 0-16 7.163-16 16v40c0 8.837 7.163 16 16 16zm0 160h416c8.837 0 16-7.163 16-16v-40c0-8.837-7.163-16-16-16H16c-8.837 0-16 7.163-16 16v40c0 8.837 7.163 16 16 16z"
                />
              </svg>
            </span>
          </button>
        </span>
        <div
          class="pf-v6-c-masthead__brand"
          data-codemods="true"
        >
          <span
            class="pf-v6-c-masthead__logo"
            data-codemods="true"
          >
            <img
              alt="Logo"
              src="test-file-stub"
            />
          </span>
        </div>
      </div>
    </header>
    <div
      aria-hidden="false"
      class="pf-v6-c-page__sidebar pf-m-expanded"
      id="page-sidebar"
    >
      <div
        class="pf-v6-c-page__sidebar-body"
      >
        <nav
          aria-label="Global"
          class="pf-v6-c-nav"
          data-ouia-component-id="OUIA-Generated-Nav-1"
          data-ouia-component-type="PF6/Nav"
          data-ouia-safe="true"
          id="nav-primary-simple"
        >
          <ul
            class="pf-v6-c-nav__list"
            id="nav-list-simple"
            role="list"
          >
            <li
              class="pf-v6-c-nav__item"
              data-ouia-component-id="OUIA-Generated-NavItem-1"
              data-ouia-component-type="PF6/NavItem"
              data-ouia-safe="true"
            >
              <a
                aria-current="page"
                class="pf-v6-c-nav__link pf-m-current active"
                data-discover="true"
                href="/"
              >
                Chatbot
              </a>
            </li>
          </ul>
        </nav>
      </div>
    </div>
    <div
      class="pf-v6-c-page__main-container pf-m-fill"
    >
      <main
        class="pf-v6-c-page__main"
        id="primary-app-container"
        tabindex="-1"
      >
        <svg
          aria-label="Contents"
          aria-valuetext="Loading..."
          class="pf-v6-c-spinner pf-m-sm"
          role="progressbar"
          viewBox="0 0 100 100"
        >
          <circle
            class="pf-v6-c-spinner__path"
            cx="50"
            cy="50"
            fill="none"
            r="45"
          />
        </svg>
      </main>
    </div>
  </div>
</DocumentFragment>
`;
